
> mi-tienda@0.1.0 build
> prisma generate && next build

Environment variables loaded from .env
Prisma schema loaded from prisma\schema.prisma

Ô£ö Generated Prisma Client (v5.22.0) to .\node_modules\@prisma\client in 407ms

Start by importing your Prisma Client (See: https://pris.ly/d/importing-client)

Tip: Want real-time updates to your database without manual polling? Discover how with Pulse: https://pris.ly/tip-0-pulse

   Ôû▓ Next.js 15.5.20
   - Environments: .env

   Creating an optimized production build ...
 Ô£ô Compiled successfully in 9.8s
   Linting and checking validity of types ...

./src/app/(shop)/cart/page.jsx
816:19  Warning: Using `<img>` could result in slower LCP and higher bandwidth. Consider using `<Image />` from `next/image` or a custom image loader to automatically optimize images. This may incur additional usage or cost from your provider. See: https://nextjs.org/docs/messages/no-img-element  @next/next/no-img-element

./src/app/(shop)/dashboard/admin/orders/page.jsx
44:6  Warning: React Hook useEffect has a missing dependency: 'fetchOrders'. Either include it or remove the dependency array.  react-hooks/exhaustive-deps

./src/app/(shop)/dashboard/chat/ChatClient.jsx
77:6  Warning: React Hook useEffect has missing dependencies: 'activeConv' and 'fetchMessages'. Either include them or remove the dependency array.  react-hooks/exhaustive-deps
86:6  Warning: React Hook useEffect has missing dependencies: 'activeConv' and 'fetchMessages'. Either include them or remove the dependency array.  react-hooks/exhaustive-deps

./src/app/(shop)/dashboard/favorites/page.jsx
59:21  Warning: Using `<img>` could result in slower LCP and higher bandwidth. Consider using `<Image />` from `next/image` or a custom image loader to automatically optimize images. This may incur additional usage or cost from your provider. See: https://nextjs.org/docs/messages/no-img-element  @next/next/no-img-element

./src/app/(shop)/dashboard/orders/[id]/page.jsx
203:6  Warning: React Hook useEffect has a missing dependency: 'fetchOrder'. Either include it or remove the dependency array.  react-hooks/exhaustive-deps

./src/app/(shop)/dashboard/payment-methods/page.jsx
52:6  Warning: React Hook useEffect has a missing dependency: 'fetchMethods'. Either include it or remove the dependency array.  react-hooks/exhaustive-deps
278:19  Warning: Using `<img>` could result in slower LCP and higher bandwidth. Consider using `<Image />` from `next/image` or a custom image loader to automatically optimize images. This may incur additional usage or cost from your provider. See: https://nextjs.org/docs/messages/no-img-element  @next/next/no-img-element
378:17  Warning: Using `<img>` could result in slower LCP and higher bandwidth. Consider using `<Image />` from `next/image` or a custom image loader to automatically optimize images. This may incur additional usage or cost from your provider. See: https://nextjs.org/docs/messages/no-img-element  @next/next/no-img-element

./src/app/(shop)/dashboard/products/edit/[id]/EditProductForm.jsx
380:15  Warning: Using `<img>` could result in slower LCP and higher bandwidth. Consider using `<Image />` from `next/image` or a custom image loader to automatically optimize images. This may incur additional usage or cost from your provider. See: https://nextjs.org/docs/messages/no-img-element  @next/next/no-img-element
412:19  Warning: Using `<img>` could result in slower LCP and higher bandwidth. Consider using `<Image />` from `next/image` or a custom image loader to automatically optimize images. This may incur additional usage or cost from your provider. See: https://nextjs.org/docs/messages/no-img-element  @next/next/no-img-element

./src/app/(shop)/dashboard/products/page.jsx
97:41  Warning: React Hook useEffect has a missing dependency: 'fetchProducts'. Either include it or remove the dependency array.  react-hooks/exhaustive-deps
241:41  Warning: Using `<img>` could result in slower LCP and higher bandwidth. Consider using `<Image />` from `next/image` or a custom image loader to automatically optimize images. This may incur additional usage or cost from your provider. See: https://nextjs.org/docs/messages/no-img-element  @next/next/no-img-element
241:41  Warning: img elements must have an alt prop, either with meaningful text, or an empty string for decorative images.  jsx-a11y/alt-text

./src/app/(shop)/dashboard/purchases/page.jsx
50:6  Warning: React Hook useEffect has a missing dependency: 'fetchOrders'. Either include it or remove the dependency array.  react-hooks/exhaustive-deps

./src/app/(shop)/dashboard/seller/orders/page.jsx
46:6  Warning: React Hook useEffect has missing dependencies: 'fetchOrderDetail' and 'orderItem.items'. Either include them or remove the dependency array. If 'fetchOrderDetail' changes too often, find the parent component that defines it and wrap that definition in useCallback.  react-hooks/exhaustive-deps

./src/app/(shop)/dashboard/seller/orders/[id]/page.jsx
54:6  Warning: React Hook useEffect has a missing dependency: 'fetchOrder'. Either include it or remove the dependency array.  react-hooks/exhaustive-deps
246:17  Warning: Using `<img>` could result in slower LCP and higher bandwidth. Consider using `<Image />` from `next/image` or a custom image loader to automatically optimize images. This may incur additional usage or cost from your provider. See: https://nextjs.org/docs/messages/no-img-element  @next/next/no-img-element

./src/app/(shop)/dashboard/seller/reviews/page.jsx
153:23  Warning: Using `<img>` could result in slower LCP and higher bandwidth. Consider using `<Image />` from `next/image` or a custom image loader to automatically optimize images. This may incur additional usage or cost from your provider. See: https://nextjs.org/docs/messages/no-img-element  @next/next/no-img-element

./src/app/(shop)/dashboard/seller/sold-products/page.jsx
94:27  Warning: Using `<img>` could result in slower LCP and higher bandwidth. Consider using `<Image />` from `next/image` or a custom image loader to automatically optimize images. This may incur additional usage or cost from your provider. See: https://nextjs.org/docs/messages/no-img-element  @next/next/no-img-element

./src/app/(shop)/order-success/OrderSuccessClient.jsx
151:21  Warning: Using `<img>` could result in slower LCP and higher bandwidth. Consider using `<Image />` from `next/image` or a custom image loader to automatically optimize images. This may incur additional usage or cost from your provider. See: https://nextjs.org/docs/messages/no-img-element  @next/next/no-img-element
173:23  Warning: Using `<img>` could result in slower LCP and higher bandwidth. Consider using `<Image />` from `next/image` or a custom image loader to automatically optimize images. This may incur additional usage or cost from your provider. See: https://nextjs.org/docs/messages/no-img-element  @next/next/no-img-element

./src/app/register/page.jsx
132:11  Warning: Using `<img>` could result in slower LCP and higher bandwidth. Consider using `<Image />` from `next/image` or a custom image loader to automatically optimize images. This may incur additional usage or cost from your provider. See: https://nextjs.org/docs/messages/no-img-element  @next/next/no-img-element
133:11  Warning: Using `<img>` could result in slower LCP and higher bandwidth. Consider using `<Image />` from `next/image` or a custom image loader to automatically optimize images. This may incur additional usage or cost from your provider. See: https://nextjs.org/docs/messages/no-img-element  @next/next/no-img-element
134:11  Warning: Using `<img>` could result in slower LCP and higher bandwidth. Consider using `<Image />` from `next/image` or a custom image loader to automatically optimize images. This may incur additional usage or cost from your provider. See: https://nextjs.org/docs/messages/no-img-element  @next/next/no-img-element
135:11  Warning: Using `<img>` could result in slower LCP and higher bandwidth. Consider using `<Image />` from `next/image` or a custom image loader to automatically optimize images. This may incur additional usage or cost from your provider. See: https://nextjs.org/docs/messages/no-img-element  @next/next/no-img-element
136:11  Warning: Using `<img>` could result in slower LCP and higher bandwidth. Consider using `<Image />` from `next/image` or a custom image loader to automatically optimize images. This may incur additional usage or cost from your provider. See: https://nextjs.org/docs/messages/no-img-element  @next/next/no-img-element

./src/app/tienda/[store]/page.jsx
37:15  Warning: Using `<img>` could result in slower LCP and higher bandwidth. Consider using `<Image />` from `next/image` or a custom image loader to automatically optimize images. This may incur additional usage or cost from your provider. See: https://nextjs.org/docs/messages/no-img-element  @next/next/no-img-element

./src/components/AddProductForm.jsx
267:19  Warning: Using `<img>` could result in slower LCP and higher bandwidth. Consider using `<Image />` from `next/image` or a custom image loader to automatically optimize images. This may incur additional usage or cost from your provider. See: https://nextjs.org/docs/messages/no-img-element  @next/next/no-img-element

./src/components/FeaturedCarousel.jsx
160:23  Warning: Using `<img>` could result in slower LCP and higher bandwidth. Consider using `<Image />` from `next/image` or a custom image loader to automatically optimize images. This may incur additional usage or cost from your provider. See: https://nextjs.org/docs/messages/no-img-element  @next/next/no-img-element

./src/components/LatestProductsBanner.jsx
63:17  Warning: Using `<img>` could result in slower LCP and higher bandwidth. Consider using `<Image />` from `next/image` or a custom image loader to automatically optimize images. This may incur additional usage or cost from your provider. See: https://nextjs.org/docs/messages/no-img-element  @next/next/no-img-element

./src/components/MascotAvatar.jsx
230:7  Warning: Using `<img>` could result in slower LCP and higher bandwidth. Consider using `<Image />` from `next/image` or a custom image loader to automatically optimize images. This may incur additional usage or cost from your provider. See: https://nextjs.org/docs/messages/no-img-element  @next/next/no-img-element

./src/components/navbar/CartPreview.jsx
258:15  Warning: Using `<img>` could result in slower LCP and higher bandwidth. Consider using `<Image />` from `next/image` or a custom image loader to automatically optimize images. This may incur additional usage or cost from your provider. See: https://nextjs.org/docs/messages/no-img-element  @next/next/no-img-element

./src/components/navbar/SearchBox.jsx
97:9  Warning: The attribute aria-expanded is not supported by the role textbox. This role is implicit on the element input.  jsx-a11y/role-supports-aria-props

./src/components/NavbarContent.jsx
165:6  Warning: React Hook useEffect has a missing dependency: 'currentSearch'. Either include it or remove the dependency array.  react-hooks/exhaustive-deps
182:13  Warning: Using `<img>` could result in slower LCP and higher bandwidth. Consider using `<Image />` from `next/image` or a custom image loader to automatically optimize images. This may incur additional usage or cost from your provider. See: https://nextjs.org/docs/messages/no-img-element  @next/next/no-img-element

./src/components/PriceDropNotification.jsx
80:15  Warning: Using `<img>` could result in slower LCP and higher bandwidth. Consider using `<Image />` from `next/image` or a custom image loader to automatically optimize images. This may incur additional usage or cost from your provider. See: https://nextjs.org/docs/messages/no-img-element  @next/next/no-img-element

./src/components/ProductCard.jsx
43:13  Warning: Using `<img>` could result in slower LCP and higher bandwidth. Consider using `<Image />` from `next/image` or a custom image loader to automatically optimize images. This may incur additional usage or cost from your provider. See: https://nextjs.org/docs/messages/no-img-element  @next/next/no-img-element
50:13  Warning: Using `<img>` could result in slower LCP and higher bandwidth. Consider using `<Image />` from `next/image` or a custom image loader to automatically optimize images. This may incur additional usage or cost from your provider. See: https://nextjs.org/docs/messages/no-img-element  @next/next/no-img-element

./src/components/ProductGallery.jsx
52:6  Warning: React Hook useEffect has a missing dependency: 'displayImages'. Either include it or remove the dependency array.  react-hooks/exhaustive-deps

./src/components/ProductViewTracker.jsx
13:6  Warning: React Hook useEffect has missing dependencies: 'addView' and 'product'. Either include them or remove the dependency array.  react-hooks/exhaustive-deps

./src/components/RecentlyViewed.jsx
19:15  Warning: Using `<img>` could result in slower LCP and higher bandwidth. Consider using `<Image />` from `next/image` or a custom image loader to automatically optimize images. This may incur additional usage or cost from your provider. See: https://nextjs.org/docs/messages/no-img-element  @next/next/no-img-element

./src/components/RecommendedProducts.jsx
61:6  Warning: React Hook useEffect has a missing dependency: 'fetchProducts'. Either include it or remove the dependency array.  react-hooks/exhaustive-deps

./src/components/RegisterBenefitsModal.jsx
128:15  Warning: Using `<img>` could result in slower LCP and higher bandwidth. Consider using `<Image />` from `next/image` or a custom image loader to automatically optimize images. This may incur additional usage or cost from your provider. See: https://nextjs.org/docs/messages/no-img-element  @next/next/no-img-element
193:19  Warning: Using `<img>` could result in slower LCP and higher bandwidth. Consider using `<Image />` from `next/image` or a custom image loader to automatically optimize images. This may incur additional usage or cost from your provider. See: https://nextjs.org/docs/messages/no-img-element  @next/next/no-img-element
243:15  Warning: Using `<img>` could result in slower LCP and higher bandwidth. Consider using `<Image />` from `next/image` or a custom image loader to automatically optimize images. This may incur additional usage or cost from your provider. See: https://nextjs.org/docs/messages/no-img-element  @next/next/no-img-element

./src/components/ScrollMascot.jsx
169:6  Warning: React Hook useEffect has a missing dependency: 'mascotType'. Either include it or remove the dependency array.  react-hooks/exhaustive-deps

./src/components/SessionInfo.jsx
58:9  Warning: Using `<img>` could result in slower LCP and higher bandwidth. Consider using `<Image />` from `next/image` or a custom image loader to automatically optimize images. This may incur additional usage or cost from your provider. See: https://nextjs.org/docs/messages/no-img-element  @next/next/no-img-element

./src/components/ShippingCostModal.jsx
64:6  Warning: React Hook useEffect has missing dependencies: 'onShippingChange' and 'origin'. Either include them or remove the dependency array. If 'onShippingChange' changes too often, find the parent component that defines it and wrap that definition in useCallback.  react-hooks/exhaustive-deps

./src/context/CartContext.jsx
155:6  Warning: React Hook useCallback has missing dependencies: 'normalizeCartItems' and 'saveLocal'. Either include them or remove the dependency array.  react-hooks/exhaustive-deps
247:6  Warning: React Hook useCallback has a missing dependency: 'loadLocal'. Either include it or remove the dependency array.  react-hooks/exhaustive-deps
392:6  Warning: React Hook useCallback has a missing dependency: 'saveLocal'. Either include it or remove the dependency array.  react-hooks/exhaustive-deps
521:6  Warning: React Hook useCallback has a missing dependency: 'cartItems'. Either include it or remove the dependency array.  react-hooks/exhaustive-deps
586:6  Warning: React Hook useCallback has a missing dependency: 'cartItems'. Either include it or remove the dependency array.  react-hooks/exhaustive-deps

./src/lib/email.js
144:1  Warning: Assign object to a variable before exporting as module default  import/no-anonymous-default-export

./src/lib/emailTemplates.js
601:1  Warning: Assign object to a variable before exporting as module default  import/no-anonymous-default-export

info  - Need to disable some ESLint rules? Learn more here: https://nextjs.org/docs/app/api-reference/config/eslint#disabling-rules
   Collecting page data ...
   Generating static pages (0/92) ...
node.exe :  ÔÜá Unsupported metadata themeColor is configured in metadata export in /dashboard/admin. Please move it 
to viewport export instead.
En C:\Program Files\nodejs\npm.ps1: 29 Carácter: 3
+   & $NODE_EXE $NPM_CLI_JS $args
+   ~~~~~~~~~~~~~~~~~~~~~~~~~~~~~
    + CategoryInfo          : NotSpecified: ( ÔÜá Unsupporte...export instead.:String) [], RemoteException
    + FullyQualifiedErrorId : NativeCommandError
 
Read more: https://nextjs.org/docs/app/api-reference/functions/generate-viewport
 ÔÜá Unsupported metadata viewport is configured in metadata export in /dashboard/admin. Please move it to viewport 
export instead.
Read more: https://nextjs.org/docs/app/api-reference/functions/generate-viewport
 ÔÜá Unsupported metadata themeColor is configured in metadata export in /dashboard/admin. Please move it to viewport 
export instead.
Read more: https://nextjs.org/docs/app/api-reference/functions/generate-viewport
 ÔÜá Unsupported metadata viewport is configured in metadata export in /dashboard/admin. Please move it to viewport 
export instead.
Read more: https://nextjs.org/docs/app/api-reference/functions/generate-viewport
 ÔÜá Unsupported metadata themeColor is configured in metadata export in /dashboard/admin/coupons. Please move it to 
viewport export instead.
Read more: https://nextjs.org/docs/app/api-reference/functions/generate-viewport
 ÔÜá Unsupported metadata viewport is configured in metadata export in /dashboard/admin/coupons. Please move it to 
viewport export instead.
Read more: https://nextjs.org/docs/app/api-reference/functions/generate-viewport
 ÔÜá Unsupported metadata themeColor is configured in metadata export in /dashboard/admin/coupons. Please move it to 
viewport export instead.
Read more: https://nextjs.org/docs/app/api-reference/functions/generate-viewport
 ÔÜá Unsupported metadata viewport is configured in metadata export in /dashboard/admin/coupons. Please move it to 
viewport export instead.
Read more: https://nextjs.org/docs/app/api-reference/functions/generate-viewport
 ÔÜá Unsupported metadata themeColor is configured in metadata export in /_not-found. Please move it to viewport 
export instead.
Read more: https://nextjs.org/docs/app/api-reference/functions/generate-viewport
 ÔÜá Unsupported metadata viewport is configured in metadata export in /_not-found. Please move it to viewport export 
instead.
Read more: https://nextjs.org/docs/app/api-reference/functions/generate-viewport
 ÔÜá Unsupported metadata themeColor is configured in metadata export in /dashboard/create-store. Please move it to 
viewport export instead.
Read more: https://nextjs.org/docs/app/api-reference/functions/generate-viewport
 ÔÜá Unsupported metadata viewport is configured in metadata export in /dashboard/create-store. Please move it to 
viewport export instead.
Read more: https://nextjs.org/docs/app/api-reference/functions/generate-viewport
 ÔÜá Unsupported metadata themeColor is configured in metadata export in /dashboard/create-store. Please move it to 
viewport export instead.
Read more: https://nextjs.org/docs/app/api-reference/functions/generate-viewport
 ÔÜá Unsupported metadata viewport is configured in metadata export in /dashboard/create-store. Please move it to 
viewport export instead.
Read more: https://nextjs.org/docs/app/api-reference/functions/generate-viewport
 ÔÜá Unsupported metadata themeColor is configured in metadata export in /dashboard/admin/sellers. Please move it to 
viewport export instead.
Read more: https://nextjs.org/docs/app/api-reference/functions/generate-viewport
 ÔÜá Unsupported metadata viewport is configured in metadata export in /dashboard/admin/sellers. Please move it to 
viewport export instead.
Read more: https://nextjs.org/docs/app/api-reference/functions/generate-viewport
 ÔÜá Unsupported metadata themeColor is configured in metadata export in /dashboard/admin/sellers. Please move it to 
viewport export instead.
Read more: https://nextjs.org/docs/app/api-reference/functions/generate-viewport
 ÔÜá Unsupported metadata viewport is configured in metadata export in /dashboard/admin/sellers. Please move it to 
viewport export instead.
Read more: https://nextjs.org/docs/app/api-reference/functions/generate-viewport
 ÔÜá Unsupported metadata themeColor is configured in metadata export in /dashboard/admin/marketing. Please move it to 
viewport export instead.
Read more: https://nextjs.org/docs/app/api-reference/functions/generate-viewport
 ÔÜá Unsupported metadata viewport is configured in metadata export in /dashboard/admin/marketing. Please move it to 
viewport export instead.
Read more: https://nextjs.org/docs/app/api-reference/functions/generate-viewport
 ÔÜá Unsupported metadata themeColor is configured in metadata export in /dashboard/admin/marketing. Please move it to 
viewport export instead.
Read more: https://nextjs.org/docs/app/api-reference/functions/generate-viewport
 ÔÜá Unsupported metadata viewport is configured in metadata export in /dashboard/admin/marketing. Please move it to 
viewport export instead.
Read more: https://nextjs.org/docs/app/api-reference/functions/generate-viewport
 ÔÜá Unsupported metadata themeColor is configured in metadata export in /dashboard/favorites. Please move it to 
viewport export instead.
Read more: https://nextjs.org/docs/app/api-reference/functions/generate-viewport
 ÔÜá Unsupported metadata viewport is configured in metadata export in /dashboard/favorites. Please move it to 
viewport export instead.
Read more: https://nextjs.org/docs/app/api-reference/functions/generate-viewport
 ÔÜá Unsupported metadata themeColor is configured in metadata export in /dashboard/favorites. Please move it to 
viewport export instead.
Read more: https://nextjs.org/docs/app/api-reference/functions/generate-viewport
 ÔÜá Unsupported metadata viewport is configured in metadata export in /dashboard/favorites. Please move it to 
viewport export instead.
Read more: https://nextjs.org/docs/app/api-reference/functions/generate-viewport
 ÔÜá Unsupported metadata themeColor is configured in metadata export in /dashboard/chat. Please move it to viewport 
export instead.
Read more: https://nextjs.org/docs/app/api-reference/functions/generate-viewport
 ÔÜá Unsupported metadata viewport is configured in metadata export in /dashboard/chat. Please move it to viewport 
export instead.
Read more: https://nextjs.org/docs/app/api-reference/functions/generate-viewport
 ÔÜá Unsupported metadata themeColor is configured in metadata export in /dashboard/chat. Please move it to viewport 
export instead.
Read more: https://nextjs.org/docs/app/api-reference/functions/generate-viewport
 ÔÜá Unsupported metadata viewport is configured in metadata export in /dashboard/chat. Please move it to viewport 
export instead.
Read more: https://nextjs.org/docs/app/api-reference/functions/generate-viewport
 ÔÜá Unsupported metadata themeColor is configured in metadata export in /dashboard/products/new. Please move it to 
viewport export instead.
Read more: https://nextjs.org/docs/app/api-reference/functions/generate-viewport
 ÔÜá Unsupported metadata viewport is configured in metadata export in /dashboard/products/new. Please move it to 
viewport export instead.
Read more: https://nextjs.org/docs/app/api-reference/functions/generate-viewport
   Generating static pages (23/92) 
 ÔÜá Unsupported metadata themeColor is configured in metadata export in /auth/confirm-code. Please move it to 
viewport export instead.
Read more: https://nextjs.org/docs/app/api-reference/functions/generate-viewport
 ÔÜá Unsupported metadata viewport is configured in metadata export in /auth/confirm-code. Please move it to viewport 
export instead.
Read more: https://nextjs.org/docs/app/api-reference/functions/generate-viewport
 ÔÜá Unsupported metadata themeColor is configured in metadata export in /reset-password. Please move it to viewport 
export instead.
Read more: https://nextjs.org/docs/app/api-reference/functions/generate-viewport
 ÔÜá Unsupported metadata viewport is configured in metadata export in /reset-password. Please move it to viewport 
export instead.
Read more: https://nextjs.org/docs/app/api-reference/functions/generate-viewport
 ÔÜá Unsupported metadata themeColor is configured in metadata export in /dashboard/products/new. Please move it to 
viewport export instead.
Read more: https://nextjs.org/docs/app/api-reference/functions/generate-viewport
 ÔÜá Unsupported metadata viewport is configured in metadata export in /dashboard/products/new. Please move it to 
viewport export instead.
Read more: https://nextjs.org/docs/app/api-reference/functions/generate-viewport
 ÔÜá Unsupported metadata themeColor is configured in metadata export in /dashboard/admin/shipping. Please move it to 
viewport export instead.
Read more: https://nextjs.org/docs/app/api-reference/functions/generate-viewport
 ÔÜá Unsupported metadata viewport is configured in metadata export in /dashboard/admin/shipping. Please move it to 
viewport export instead.
Read more: https://nextjs.org/docs/app/api-reference/functions/generate-viewport
 ÔÜá Unsupported metadata themeColor is configured in metadata export in /dashboard/admin/shipping. Please move it to 
viewport export instead.
Read more: https://nextjs.org/docs/app/api-reference/functions/generate-viewport
 ÔÜá Unsupported metadata viewport is configured in metadata export in /dashboard/admin/shipping. Please move it to 
viewport export instead.
Read more: https://nextjs.org/docs/app/api-reference/functions/generate-viewport
 ÔÜá Unsupported metadata themeColor is configured in metadata export in /dashboard/payment-methods. Please move it to 
viewport export instead.
Read more: https://nextjs.org/docs/app/api-reference/functions/generate-viewport
 ÔÜá Unsupported metadata viewport is configured in metadata export in /dashboard/payment-methods. Please move it to 
viewport export instead.
Read more: https://nextjs.org/docs/app/api-reference/functions/generate-viewport
 ÔÜá Unsupported metadata themeColor is configured in metadata export in /dashboard/payment-methods. Please move it to 
viewport export instead.
Read more: https://nextjs.org/docs/app/api-reference/functions/generate-viewport
 ÔÜá Unsupported metadata viewport is configured in metadata export in /dashboard/payment-methods. Please move it to 
viewport export instead.
Read more: https://nextjs.org/docs/app/api-reference/functions/generate-viewport
 ÔÜá Unsupported metadata themeColor is configured in metadata export in /dashboard. Please move it to viewport export 
instead.
Read more: https://nextjs.org/docs/app/api-reference/functions/generate-viewport
 ÔÜá Unsupported metadata viewport is configured in metadata export in /dashboard. Please move it to viewport export 
instead.
Read more: https://nextjs.org/docs/app/api-reference/functions/generate-viewport
 ÔÜá Unsupported metadata themeColor is configured in metadata export in /dashboard. Please move it to viewport export 
instead.
Read more: https://nextjs.org/docs/app/api-reference/functions/generate-viewport
 ÔÜá Unsupported metadata viewport is configured in metadata export in /dashboard. Please move it to viewport export 
instead.
Read more: https://nextjs.org/docs/app/api-reference/functions/generate-viewport
 ÔÜá Unsupported metadata themeColor is configured in metadata export in /dashboard/referrals. Please move it to 
viewport export instead.
Read more: https://nextjs.org/docs/app/api-reference/functions/generate-viewport
 ÔÜá Unsupported metadata viewport is configured in metadata export in /dashboard/referrals. Please move it to 
viewport export instead.
Read more: https://nextjs.org/docs/app/api-reference/functions/generate-viewport
 ÔÜá Unsupported metadata themeColor is configured in metadata export in /dashboard/referrals. Please move it to 
viewport export instead.
Read more: https://nextjs.org/docs/app/api-reference/functions/generate-viewport
 ÔÜá Unsupported metadata viewport is configured in metadata export in /dashboard/referrals. Please move it to 
viewport export instead.
Read more: https://nextjs.org/docs/app/api-reference/functions/generate-viewport
 ÔÜá Unsupported metadata themeColor is configured in metadata export in /dashboard/orders. Please move it to viewport 
export instead.
Read more: https://nextjs.org/docs/app/api-reference/functions/generate-viewport
 ÔÜá Unsupported metadata viewport is configured in metadata export in /dashboard/orders. Please move it to viewport 
export instead.
Read more: https://nextjs.org/docs/app/api-reference/functions/generate-viewport
 ÔÜá Unsupported metadata themeColor is configured in metadata export in /auth/login. Please move it to viewport 
export instead.
Read more: https://nextjs.org/docs/app/api-reference/functions/generate-viewport
 ÔÜá Unsupported metadata viewport is configured in metadata export in /auth/login. Please move it to viewport export 
instead.
Read more: https://nextjs.org/docs/app/api-reference/functions/generate-viewport
 ÔÜá Unsupported metadata themeColor is configured in metadata export in /about. Please move it to viewport export 
instead.
Read more: https://nextjs.org/docs/app/api-reference/functions/generate-viewport
 ÔÜá Unsupported metadata viewport is configured in metadata export in /about. Please move it to viewport export 
instead.
Read more: https://nextjs.org/docs/app/api-reference/functions/generate-viewport
 ÔÜá Unsupported metadata themeColor is configured in metadata export in /forgot-password. Please move it to viewport 
export instead.
Read more: https://nextjs.org/docs/app/api-reference/functions/generate-viewport
 ÔÜá Unsupported metadata viewport is configured in metadata export in /forgot-password. Please move it to viewport 
export instead.
Read more: https://nextjs.org/docs/app/api-reference/functions/generate-viewport
 ÔÜá Unsupported metadata themeColor is configured in metadata export in /register. Please move it to viewport export 
instead.
Read more: https://nextjs.org/docs/app/api-reference/functions/generate-viewport
 ÔÜá Unsupported metadata viewport is configured in metadata export in /register. Please move it to viewport export 
instead.
Read more: https://nextjs.org/docs/app/api-reference/functions/generate-viewport
 ÔÜá Unsupported metadata themeColor is configured in metadata export in /auth/register. Please move it to viewport 
export instead.
Read more: https://nextjs.org/docs/app/api-reference/functions/generate-viewport
 ÔÜá Unsupported metadata viewport is configured in metadata export in /auth/register. Please move it to viewport 
export instead.
Read more: https://nextjs.org/docs/app/api-reference/functions/generate-viewport
 ÔÜá Unsupported metadata themeColor is configured in metadata export in /. Please move it to viewport export instead.
Read more: https://nextjs.org/docs/app/api-reference/functions/generate-viewport
 ÔÜá Unsupported metadata viewport is configured in metadata export in /. Please move it to viewport export instead.
Read more: https://nextjs.org/docs/app/api-reference/functions/generate-viewport
 ÔÜá Unsupported metadata themeColor is configured in metadata export in /dashboard/orders. Please move it to viewport 
export instead.
Read more: https://nextjs.org/docs/app/api-reference/functions/generate-viewport
 ÔÜá Unsupported metadata viewport is configured in metadata export in /dashboard/orders. Please move it to viewport 
export instead.
Read more: https://nextjs.org/docs/app/api-reference/functions/generate-viewport
 ÔÜá Unsupported metadata themeColor is configured in metadata export in /dashboard/products. Please move it to 
viewport export instead.
Read more: https://nextjs.org/docs/app/api-reference/functions/generate-viewport
 ÔÜá Unsupported metadata viewport is configured in metadata export in /dashboard/products. Please move it to viewport 
export instead.
Read more: https://nextjs.org/docs/app/api-reference/functions/generate-viewport
 ÔÜá Unsupported metadata themeColor is configured in metadata export in /dashboard/products. Please move it to 
viewport export instead.
Read more: https://nextjs.org/docs/app/api-reference/functions/generate-viewport
 ÔÜá Unsupported metadata viewport is configured in metadata export in /dashboard/products. Please move it to viewport 
export instead.
Read more: https://nextjs.org/docs/app/api-reference/functions/generate-viewport
 ÔÜá Unsupported metadata themeColor is configured in metadata export in /dashboard/purchases. Please move it to 
viewport export instead.
Read more: https://nextjs.org/docs/app/api-reference/functions/generate-viewport
 ÔÜá Unsupported metadata viewport is configured in metadata export in /dashboard/purchases. Please move it to 
viewport export instead.
Read more: https://nextjs.org/docs/app/api-reference/functions/generate-viewport
 ÔÜá Unsupported metadata themeColor is configured in metadata export in /dashboard/purchases. Please move it to 
viewport export instead.
Read more: https://nextjs.org/docs/app/api-reference/functions/generate-viewport
 ÔÜá Unsupported metadata viewport is configured in metadata export in /dashboard/purchases. Please move it to 
viewport export instead.
Read more: https://nextjs.org/docs/app/api-reference/functions/generate-viewport
 ÔÜá Unsupported metadata themeColor is configured in metadata export in /dashboard/profile/edit. Please move it to 
viewport export instead.
Read more: https://nextjs.org/docs/app/api-reference/functions/generate-viewport
 ÔÜá Unsupported metadata viewport is configured in metadata export in /dashboard/profile/edit. Please move it to 
viewport export instead.
Read more: https://nextjs.org/docs/app/api-reference/functions/generate-viewport
 ÔÜá Unsupported metadata themeColor is configured in metadata export in /dashboard/profile/edit. Please move it to 
viewport export instead.
Read more: https://nextjs.org/docs/app/api-reference/functions/generate-viewport
 ÔÜá Unsupported metadata viewport is configured in metadata export in /dashboard/profile/edit. Please move it to 
viewport export instead.
Read more: https://nextjs.org/docs/app/api-reference/functions/generate-viewport
 ÔÜá Unsupported metadata themeColor is configured in metadata export in /dashboard/seller/reviews. Please move it to 
viewport export instead.
Read more: https://nextjs.org/docs/app/api-reference/functions/generate-viewport
 ÔÜá Unsupported metadata viewport is configured in metadata export in /dashboard/seller/reviews. Please move it to 
viewport export instead.
Read more: https://nextjs.org/docs/app/api-reference/functions/generate-viewport
 ÔÜá Unsupported metadata themeColor is configured in metadata export in /dashboard/seller/reviews. Please move it to 
viewport export instead.
Read more: https://nextjs.org/docs/app/api-reference/functions/generate-viewport
 ÔÜá Unsupported metadata viewport is configured in metadata export in /dashboard/seller/reviews. Please move it to 
viewport export instead.
Read more: https://nextjs.org/docs/app/api-reference/functions/generate-viewport
 ÔÜá Unsupported metadata themeColor is configured in metadata export in /dashboard/sales. Please move it to viewport 
export instead.
Read more: https://nextjs.org/docs/app/api-reference/functions/generate-viewport
 ÔÜá Unsupported metadata viewport is configured in metadata export in /dashboard/sales. Please move it to viewport 
export instead.
Read more: https://nextjs.org/docs/app/api-reference/functions/generate-viewport
 ÔÜá Unsupported metadata themeColor is configured in metadata export in /dashboard/sales. Please move it to viewport 
export instead.
Read more: https://nextjs.org/docs/app/api-reference/functions/generate-viewport
 ÔÜá Unsupported metadata viewport is configured in metadata export in /dashboard/sales. Please move it to viewport 
export instead.
Read more: https://nextjs.org/docs/app/api-reference/functions/generate-viewport
 ÔÜá Unsupported metadata themeColor is configured in metadata export in /dashboard/seller/orders. Please move it to 
viewport export instead.
Read more: https://nextjs.org/docs/app/api-reference/functions/generate-viewport
 ÔÜá Unsupported metadata viewport is configured in metadata export in /dashboard/seller/orders. Please move it to 
viewport export instead.
Read more: https://nextjs.org/docs/app/api-reference/functions/generate-viewport
 ÔÜá Unsupported metadata themeColor is configured in metadata export in /dashboard/seller/orders. Please move it to 
viewport export instead.
Read more: https://nextjs.org/docs/app/api-reference/functions/generate-viewport
 ÔÜá Unsupported metadata viewport is configured in metadata export in /dashboard/seller/orders. Please move it to 
viewport export instead.
Read more: https://nextjs.org/docs/app/api-reference/functions/generate-viewport
 ÔÜá Unsupported metadata themeColor is configured in metadata export in /dashboard/seller/sold-products. Please move 
it to viewport export instead.
Read more: https://nextjs.org/docs/app/api-reference/functions/generate-viewport
 ÔÜá Unsupported metadata viewport is configured in metadata export in /dashboard/seller/sold-products. Please move it 
to viewport export instead.
Read more: https://nextjs.org/docs/app/api-reference/functions/generate-viewport
 ÔÜá Unsupported metadata themeColor is configured in metadata export in /dashboard/seller/sold-products. Please move 
it to viewport export instead.
Read more: https://nextjs.org/docs/app/api-reference/functions/generate-viewport
 ÔÜá Unsupported metadata viewport is configured in metadata export in /dashboard/seller/sold-products. Please move it 
to viewport export instead.
Read more: https://nextjs.org/docs/app/api-reference/functions/generate-viewport
 ÔÜá Unsupported metadata themeColor is configured in metadata export in /ofertas. Please move it to viewport export 
instead.
Read more: https://nextjs.org/docs/app/api-reference/functions/generate-viewport
 ÔÜá Unsupported metadata viewport is configured in metadata export in /ofertas. Please move it to viewport export 
instead.
Read more: https://nextjs.org/docs/app/api-reference/functions/generate-viewport
 ÔÜá Unsupported metadata themeColor is configured in metadata export in /checkout. Please move it to viewport export 
instead.
Read more: https://nextjs.org/docs/app/api-reference/functions/generate-viewport
 ÔÜá Unsupported metadata viewport is configured in metadata export in /checkout. Please move it to viewport export 
instead.
Read more: https://nextjs.org/docs/app/api-reference/functions/generate-viewport
 ÔÜá Unsupported metadata themeColor is configured in metadata export in /auth/request-code. Please move it to 
viewport export instead.
Read more: https://nextjs.org/docs/app/api-reference/functions/generate-viewport
 ÔÜá Unsupported metadata viewport is configured in metadata export in /auth/request-code. Please move it to viewport 
export instead.
Read more: https://nextjs.org/docs/app/api-reference/functions/generate-viewport
 ÔÜá Unsupported metadata themeColor is configured in metadata export in /cart. Please move it to viewport export 
instead.
Read more: https://nextjs.org/docs/app/api-reference/functions/generate-viewport
 ÔÜá Unsupported metadata viewport is configured in metadata export in /cart. Please move it to viewport export 
instead.
Read more: https://nextjs.org/docs/app/api-reference/functions/generate-viewport
 ÔÜá Unsupported metadata themeColor is configured in metadata export in /dashboard/admin/orders. Please move it to 
viewport export instead.
Read more: https://nextjs.org/docs/app/api-reference/functions/generate-viewport
 ÔÜá Unsupported metadata viewport is configured in metadata export in /dashboard/admin/orders. Please move it to 
viewport export instead.
Read more: https://nextjs.org/docs/app/api-reference/functions/generate-viewport
 ÔÜá Unsupported metadata themeColor is configured in metadata export in /dashboard/admin/orders. Please move it to 
viewport export instead.
Read more: https://nextjs.org/docs/app/api-reference/functions/generate-viewport
 ÔÜá Unsupported metadata viewport is configured in metadata export in /dashboard/admin/orders. Please move it to 
viewport export instead.
Read more: https://nextjs.org/docs/app/api-reference/functions/generate-viewport
 ÔÜá Unsupported metadata themeColor is configured in metadata export in /order-success. Please move it to viewport 
export instead.
Read more: https://nextjs.org/docs/app/api-reference/functions/generate-viewport
 ÔÜá Unsupported metadata viewport is configured in metadata export in /order-success. Please move it to viewport 
export instead.
Read more: https://nextjs.org/docs/app/api-reference/functions/generate-viewport
 ÔÜá Unsupported metadata themeColor is configured in metadata export in /login. Please move it to viewport export 
instead.
Read more: https://nextjs.org/docs/app/api-reference/functions/generate-viewport
 ÔÜá Unsupported metadata viewport is configured in metadata export in /login. Please move it to viewport export 
instead.
Read more: https://nextjs.org/docs/app/api-reference/functions/generate-viewport
 ÔÜá Unsupported metadata themeColor is configured in metadata export in /dashboard/seller/shipping. Please move it to 
viewport export instead.
Read more: https://nextjs.org/docs/app/api-reference/functions/generate-viewport
 ÔÜá Unsupported metadata viewport is configured in metadata export in /dashboard/seller/shipping. Please move it to 
viewport export instead.
Read more: https://nextjs.org/docs/app/api-reference/functions/generate-viewport
 ÔÜá Unsupported metadata themeColor is configured in metadata export in /dashboard/seller/shipping. Please move it to 
viewport export instead.
Read more: https://nextjs.org/docs/app/api-reference/functions/generate-viewport
 ÔÜá Unsupported metadata viewport is configured in metadata export in /dashboard/seller/shipping. Please move it to 
viewport export instead.
Read more: https://nextjs.org/docs/app/api-reference/functions/generate-viewport
 ÔÜá Unsupported metadata themeColor is configured in metadata export in /dashboard/mascotas. Please move it to 
viewport export instead.
Read more: https://nextjs.org/docs/app/api-reference/functions/generate-viewport
 ÔÜá Unsupported metadata viewport is configured in metadata export in /dashboard/mascotas. Please move it to viewport 
export instead.
Read more: https://nextjs.org/docs/app/api-reference/functions/generate-viewport
 ÔÜá Unsupported metadata themeColor is configured in metadata export in /dashboard/mascotas. Please move it to 
viewport export instead.
Read more: https://nextjs.org/docs/app/api-reference/functions/generate-viewport
 ÔÜá Unsupported metadata viewport is configured in metadata export in /dashboard/mascotas. Please move it to viewport 
export instead.
Read more: https://nextjs.org/docs/app/api-reference/functions/generate-viewport
   Generating static pages (46/92) 
   Generating static pages (69/92) 
 Ô£ô Generating static pages (92/92)
   Finalizing page optimization ...
   Collecting build traces ...

Route (app)                                            Size  First Load JS
Ôöî ãÆ /                                               8.45 kB         172 kB
Ôö£ Ôùï /_not-found                                       998 B         104 kB
Ôö£ Ôùï /about                                            165 B         106 kB
Ôö£ ãÆ /api/achievements                                 314 B         103 kB
Ôö£ ãÆ /api/admin/analytics                              314 B         103 kB
Ôö£ ãÆ /api/admin/marketing                              314 B         103 kB
Ôö£ ãÆ /api/admin/orders                                 314 B         103 kB
Ôö£ ãÆ /api/admin/sellers                                314 B         103 kB
Ôö£ ãÆ /api/admin/shipping-rates                         314 B         103 kB
Ôö£ ãÆ /api/auth/[...nextauth]                           314 B         103 kB
Ôö£ ãÆ /api/auth/confirm-code                            314 B         103 kB
Ôö£ ãÆ /api/auth/forgot-password                         314 B         103 kB
Ôö£ ãÆ /api/auth/login                                   314 B         103 kB
Ôö£ ãÆ /api/auth/logout                                  314 B         103 kB
Ôö£ ãÆ /api/auth/me                                      314 B         103 kB
Ôö£ ãÆ /api/auth/refresh                                 314 B         103 kB
Ôö£ ãÆ /api/auth/register                                314 B         103 kB
Ôö£ ãÆ /api/auth/reset-password                          314 B         103 kB
Ôö£ ãÆ /api/auth/send-code                               314 B         103 kB
Ôö£ ãÆ /api/auth/verify-code                             314 B         103 kB
Ôö£ ãÆ /api/cart                                         314 B         103 kB
Ôö£ ãÆ /api/cart/abandoned                               314 B         103 kB
Ôö£ ãÆ /api/cart/checkout                                314 B         103 kB
Ôö£ ãÆ /api/cart/sync                                    314 B         103 kB
Ôö£ ãÆ /api/categories                                   314 B         103 kB
Ôö£ ãÆ /api/chat/conversations                           314 B         103 kB
Ôö£ ãÆ /api/chat/conversations/[id]                      314 B         103 kB
Ôö£ ãÆ /api/chat/messages                                314 B         103 kB
Ôö£ ãÆ /api/checkout                                     314 B         103 kB
Ôö£ ãÆ /api/coupons                                      314 B         103 kB
Ôö£ ãÆ /api/coupons/[id]                                 314 B         103 kB
Ôö£ ãÆ /api/coupons/validate                             314 B         103 kB
Ôö£ ãÆ /api/cron/auto-delivery                           314 B         103 kB
Ôö£ ãÆ /api/dashboard/analytics                          314 B         103 kB
Ôö£ ãÆ /api/favorites                                    314 B         103 kB
Ôö£ ãÆ /api/order-items/[id]/cancel                      314 B         103 kB
Ôö£ ãÆ /api/orders                                       314 B         103 kB
Ôö£ ãÆ /api/orders/[id]                                  314 B         103 kB
Ôö£ ãÆ /api/orders/[id]/approve                          314 B         103 kB
Ôö£ ãÆ /api/orders/[id]/cancel                           314 B         103 kB
Ôö£ ãÆ /api/orders/[id]/confirm-payment                  314 B         103 kB
Ôö£ ãÆ /api/orders/[id]/proof                            314 B         103 kB
Ôö£ ãÆ /api/orders/[id]/reject                           314 B         103 kB
Ôö£ ãÆ /api/orders/[id]/restore-stock                    314 B         103 kB
Ôö£ ãÆ /api/orders/[id]/upload-proof                     314 B         103 kB
Ôö£ ãÆ /api/orders/bulk-delete                           314 B         103 kB
Ôö£ ãÆ /api/orders/seller                                314 B         103 kB
Ôö£ ãÆ /api/orders/update-status                         314 B         103 kB
Ôö£ ãÆ /api/price-history                                314 B         103 kB
Ôö£ ãÆ /api/products                                     314 B         103 kB
Ôö£ ãÆ /api/products/[id]                                314 B         103 kB
Ôö£ ãÆ /api/products/bulk-delete                         314 B         103 kB
Ôö£ ãÆ /api/products/mine                                314 B         103 kB
Ôö£ ãÆ /api/products/public                              314 B         103 kB
Ôö£ ãÆ /api/products/recommended                         314 B         103 kB
Ôö£ ãÆ /api/referral/validate                            314 B         103 kB
Ôö£ ãÆ /api/reviews                                      314 B         103 kB
Ôö£ ãÆ /api/reviews/[id]                                 314 B         103 kB
Ôö£ ãÆ /api/reviews/seller                               314 B         103 kB
Ôö£ ãÆ /api/seller/orders                                314 B         103 kB
Ôö£ ãÆ /api/seller/pending-count                         314 B         103 kB
Ôö£ ãÆ /api/seller/sold-products                         314 B         103 kB
Ôö£ ãÆ /api/sellers/[sellerId]/payment-methods           314 B         103 kB
Ôö£ ãÆ /api/sellers/[sellerId]/payment-methods/[pmId]    314 B         103 kB
Ôö£ ãÆ /api/shipping                                     314 B         103 kB
Ôö£ ãÆ /api/shipping/zones                               314 B         103 kB
Ôö£ ãÆ /api/stores                                       314 B         103 kB
Ôö£ ãÆ /api/stores/[storeId]                             314 B         103 kB
Ôö£ ãÆ /api/uploads/image                                314 B         103 kB
Ôö£ ãÆ /api/uploads/presign                              314 B         103 kB
Ôö£ ãÆ /api/user/mascot                                  314 B         103 kB
Ôö£ ãÆ /api/user/mascot-names                            314 B         103 kB
Ôö£ ãÆ /api/user/preferences                             314 B         103 kB
Ôö£ ãÆ /api/user/referral                                314 B         103 kB
Ôö£ ãÆ /api/users/by-email                               314 B         103 kB
Ôö£ ãÆ /api/users/me                                     314 B         103 kB
Ôö£ ãÆ /api/webhooks/stripe                              314 B         103 kB
Ôö£ ãÆ /api/yape-qr                                      314 B         103 kB
Ôö£ Ôùï /auth/confirm-code                              2.58 kB         109 kB
Ôö£ Ôùï /auth/login                                     3.72 kB         110 kB
Ôö£ Ôùï /auth/register                                  2.39 kB         108 kB
Ôö£ Ôùï /auth/request-code                                517 B         103 kB
Ôö£ Ôùï /cart                                           7.19 kB         150 kB
Ôö£ Ôùï /checkout                                       8.15 kB         124 kB
Ôö£ ãÆ /dashboard                                      3.65 kB         124 kB
Ôö£ ãÆ /dashboard/admin                                1.41 kB         107 kB
Ôö£ ãÆ /dashboard/admin/coupons                        1.88 kB         109 kB
Ôö£ ãÆ /dashboard/admin/marketing                      1.52 kB         104 kB
Ôö£ ãÆ /dashboard/admin/orders                         2.15 kB         105 kB
Ôö£ ãÆ /dashboard/admin/sellers                        1.33 kB         112 kB
Ôö£ ãÆ /dashboard/admin/shipping                        2.9 kB         110 kB
Ôö£ ãÆ /dashboard/chat                                 3.27 kB         120 kB
Ôö£ ãÆ /dashboard/create-store                         1.24 kB         104 kB
Ôö£ ãÆ /dashboard/favorites                             1.3 kB         107 kB
Ôö£ ãÆ /dashboard/mascotas                             5.74 kB         135 kB
Ôö£ ãÆ /dashboard/orders                               4.53 kB         115 kB
Ôö£ ãÆ /dashboard/orders/[id]                          4.75 kB         112 kB
Ôö£ ãÆ /dashboard/payment-methods                      4.08 kB         112 kB
Ôö£ ãÆ /dashboard/products                             4.53 kB         115 kB
Ôö£ ãÆ /dashboard/products/edit/[id]                   4.18 kB         112 kB
Ôö£ ãÆ /dashboard/products/new                         3.73 kB         111 kB
Ôö£ ãÆ /dashboard/profile/edit                         2.92 kB         116 kB
Ôö£ ãÆ /dashboard/purchases                            2.38 kB         108 kB
Ôö£ ãÆ /dashboard/referrals                            1.71 kB         104 kB
Ôö£ ãÆ /dashboard/sales                                1.32 kB         112 kB
Ôö£ ãÆ /dashboard/seller/orders                        3.56 kB         106 kB
Ôö£ ãÆ /dashboard/seller/orders/[id]                   4.41 kB         112 kB
Ôö£ ãÆ /dashboard/seller/reviews                       2.03 kB         105 kB
Ôö£ ãÆ /dashboard/seller/shipping                      2.79 kB         110 kB
Ôö£ ãÆ /dashboard/seller/sold-products                 1.73 kB         108 kB
Ôö£ Ôùï /forgot-password                                1.66 kB         108 kB
Ôö£ Ôùï /login                                          1.52 kB         104 kB
Ôö£ Ôùï /ofertas                                        2.61 kB         157 kB
Ôö£ ãÆ /order-success                                  2.53 kB         113 kB
Ôö£ ãÆ /product/[id]                                   13.8 kB         162 kB
Ôö£ Ôùï /register                                       3.26 kB         109 kB
Ôö£ Ôùï /reset-password                                 2.39 kB         108 kB
Ôö£ ãÆ /store/[code]                                   1.69 kB         113 kB
Ôöö ãÆ /tienda/[store]                                   314 B         103 kB
+ First Load JS shared by all                        103 kB
  Ôö£ chunks/1255-d90f22433f14e976.js                 46.2 kB
  Ôö£ chunks/4bd1b696-f785427dddbba9fb.js             54.2 kB
  Ôöö other shared chunks (total)                      2.1 kB


ãÆ Middleware                                          34 kB

Ôùï  (Static)   prerendered as static content
ãÆ  (Dynamic)  server-rendered on demand

